2026-08-12 08:00:44 INFO service started successfully
2026-08-12 08:00:56 INFO service started successfully
2026-08-12 08:02:03 ERROR timeout waiting for response from upstream
2026-08-12 08:02:14 ERROR database connection failed
2026-08-12 08:03:29 ERROR database connection failed
2026-08-12 08:04:45 INFO service started successfully
2026-08-12 08:04:53 INFO user login successful
2026-08-12 08:05:14 WARN memory usage at 85 percent
2026-08-12 08:06:44 ERROR unable to acquire lock on resource
2026-08-12 09:14:03 database connection failed
2026-08-12 08:07:11 WARN response time exceeded 2000ms
2026-08-12 08:08:26 ERROR timeout waiting for response from upstream
2026-08-12 08:09:09 WARN cache miss rate above threshold
2026-08-12 08:09:50 ERROR database connection failed
2026-08-12 08:10:03 INFO scheduled backup completed
2026-08-12 08:11:03 WARN response time exceeded 2000ms
2026-08-12 08:12:11 WARN retrying request attempt 2 of 3
2026-08-12 08:13:16 WARN response time exceeded 2000ms
2026-08-12 08:14:30 INFO scheduled backup completed
2026-08-12 08:15:16 INFO health check passed
2026-08-12 08:16:17 ERROR timeout waiting for response from upstream
2026-08-12 08:17:20 INFO user login successful
2026-08-12 08:18:45 INFO configuration reloaded

2026-08-12 08:19:24 INFO scheduled backup completed
2026-08-12 08:19:29 INFO service started successfully
2026-08-12 08:20:35 ERROR timeout waiting for response from upstream
2026-08-12 08:21:09 WARN deprecated API endpoint called
2026-08-12 08:21:22 ERROR timeout waiting for response from upstream
2026-08-12 08:21:42 INFO scheduled backup completed
2026-08-12 08:22:38 INFO configuration reloaded
CORRUPTED ENTRY ###@@@
2026-08-12 08:23:10 ERROR database connection failed
2026-08-12 08:24:37 ERROR null pointer exception in request handler
2026-08-12 08:25:03 WARN retrying request attempt 2 of 3
2026-08-12 08:26:14 WARN retrying request attempt 2 of 3
2026-08-12 08:27:22 INFO connection pool initialised
2026-08-12 08:27:31 WARN memory usage at 85 percent
2026-08-12 08:28:24 WARN retrying request attempt 2 of 3
2026-08-12 08:29:48 WARN response time exceeded 2000ms
2026-08-12 08:30:47 ERROR database connection failed
2026-08-12 08:31:03 ERROR database connection failed
2026-08-12 08:31:52 INFO service started successfully
2026-08-12 08:33:13 WARN cache miss rate above threshold
2026-08-12 INFO service started successfully
2026-08-12 08:34:33 WARN retrying request attempt 2 of 3
2026-08-12 08:35:35 WARN response time exceeded 2000ms
2026-08-12 08:35:51 INFO configuration reloaded
2026-08-12 08:36:14 WARN retrying request attempt 2 of 3
2026-08-12 08:36:35 INFO health check passed
2026-08-12 08:37:16 INFO connection pool initialised
2026-08-12 08:37:52 WARN cache miss rate above threshold
2026-08-12 08:38:23 WARN cache miss rate above threshold
2026-08-12 08:39:47 ERROR timeout waiting for response from upstream
2026-08-12 08:40:20 INFO user login successful
2026-08-12 08:40:48 WARN response time exceeded 2000ms
2026-08-12 08:40:54 INFO user login successful
2026-08-12 08:42:14 INFO user login successful
   
2026-08-12 08:43:03 ERROR timeout waiting for response from upstream
2026-08-12 08:43:31 WARN memory usage at 85 percent
2026-08-12 08:43:34 WARN response time exceeded 2000ms
2026-08-12 08:45:01 ERROR database connection failed
2026-08-12 08:46:05 INFO user login successful
2026-08-12 08:46:19 INFO configuration reloaded
2026-08-12 08:47:21 WARN retrying request attempt 2 of 3
2026-08-12 08:47:45 INFO user login successful
2026-08-13 25:99:88 ERROR invalid timestamp values
2026-08-12 08:49:11 ERROR authentication token expired
2026-08-12 08:50:38 INFO service started successfully
2026-08-12 08:50:43 ERROR unable to acquire lock on resource
2026-08-12 08:50:59 WARN deprecated API endpoint called
2026-08-12 08:51:26 INFO user login successful
2026-08-12 08:51:56 WARN retrying request attempt 2 of 3
2026-08-12 08:52:32 WARN response time exceeded 2000ms
2026-08-13 14:02:11 CRITICAL unknown severity level
2026-08-12 08:53:20 INFO health check passed
2026-08-12 08:54:16 INFO user login successful
2026-08-12 08:55:27 ERROR authentication token expired
2026-08-12 08:55:53 INFO user login successful
2026-08-12 08:56:18 ERROR database connection failed
2026-08-12 08:57:32 ERROR null pointer exception in request handler
2026-08-12 08:58:46 WARN memory usage at 85 percent
2026-08-12 08:58:56 ERROR database connection failed
2026-08-12 09:00:03 WARN response time exceeded 2000ms
2026-08-12 09:01:02 WARN memory usage at 85 percent
2026-08-12 09:02:10 ERROR timeout waiting for response from upstream
2026-08-12 09:03:17 INFO scheduled backup completed
2026-08-12 09:04:31 INFO user login successful
2026-08-12 09:04:51 WARN retrying request attempt 2 of 3
2026-08-12 09:05:03 INFO service started successfully
